--- Starting Manual Verification of locationUtils ---
Γ£à Test 1: Parse exact locality and city PASSED
Γ£à Test 2: Parse city only PASSED
Γ£à Test 7: Score: No Match (0) PASSED

--- Summary: 3 Passed, 4 Failed ---
